Archive member included to satisfy reference by file (symbol)

c:/st/stm32cubeide_1.2.0/stm32cubeide/plugins/com.st.stm32cube.ide.mcu.externaltools.gnu-tools-for-stm32.7-2018-q2-update.win32_1.0.0.201904181610/tools/bin/../lib/gcc/arm-none-eabi/7.3.1/../../../../arm-none-eabi/lib/thumb/v7e-m\libc_nano.a(lib_a-errno.o)
                              Src/syscalls.o (__errno)
c:/st/stm32cubeide_1.2.0/stm32cubeide/plugins/com.st.stm32cube.ide.mcu.externaltools.gnu-tools-for-stm32.7-2018-q2-update.win32_1.0.0.201904181610/tools/bin/../lib/gcc/arm-none-eabi/7.3.1/../../../../arm-none-eabi/lib/thumb/v7e-m\libc_nano.a(lib_a-exit.o)
                              c:/st/stm32cubeide_1.2.0/stm32cubeide/plugins/com.st.stm32cube.ide.mcu.externaltools.gnu-tools-for-stm32.7-2018-q2-update.win32_1.0.0.201904181610/tools/bin/../lib/gcc/arm-none-eabi/7.3.1/../../../../arm-none-eabi/lib/thumb/v7e-m/crt0.o (exit)
c:/st/stm32cubeide_1.2.0/stm32cubeide/plugins/com.st.stm32cube.ide.mcu.externaltools.gnu-tools-for-stm32.7-2018-q2-update.win32_1.0.0.201904181610/tools/bin/../lib/gcc/arm-none-eabi/7.3.1/../../../../arm-none-eabi/lib/thumb/v7e-m\libc_nano.a(lib_a-impure.o)
                              c:/st/stm32cubeide_1.2.0/stm32cubeide/plugins/com.st.stm32cube.ide.mcu.externaltools.gnu-tools-for-stm32.7-2018-q2-update.win32_1.0.0.201904181610/tools/bin/../lib/gcc/arm-none-eabi/7.3.1/../../../../arm-none-eabi/lib/thumb/v7e-m\libc_nano.a(lib_a-exit.o) (_global_impure_ptr)
c:/st/stm32cubeide_1.2.0/stm32cubeide/plugins/com.st.stm32cube.ide.mcu.externaltools.gnu-tools-for-stm32.7-2018-q2-update.win32_1.0.0.201904181610/tools/bin/../lib/gcc/arm-none-eabi/7.3.1/../../../../arm-none-eabi/lib/thumb/v7e-m\libc_nano.a(lib_a-init.o)
                              c:/st/stm32cubeide_1.2.0/stm32cubeide/plugins/com.st.stm32cube.ide.mcu.externaltools.gnu-tools-for-stm32.7-2018-q2-update.win32_1.0.0.201904181610/tools/bin/../lib/gcc/arm-none-eabi/7.3.1/../../../../arm-none-eabi/lib/thumb/v7e-m/crt0.o (__libc_init_array)
c:/st/stm32cubeide_1.2.0/stm32cubeide/plugins/com.st.stm32cube.ide.mcu.externaltools.gnu-tools-for-stm32.7-2018-q2-update.win32_1.0.0.201904181610/tools/bin/../lib/gcc/arm-none-eabi/7.3.1/../../../../arm-none-eabi/lib/thumb/v7e-m\libc_nano.a(lib_a-memset.o)
                              c:/st/stm32cubeide_1.2.0/stm32cubeide/plugins/com.st.stm32cube.ide.mcu.externaltools.gnu-tools-for-stm32.7-2018-q2-update.win32_1.0.0.201904181610/tools/bin/../lib/gcc/arm-none-eabi/7.3.1/../../../../arm-none-eabi/lib/thumb/v7e-m/crt0.o (memset)
c:/st/stm32cubeide_1.2.0/stm32cubeide/plugins/com.st.stm32cube.ide.mcu.externaltools.gnu-tools-for-stm32.7-2018-q2-update.win32_1.0.0.201904181610/tools/bin/../lib/gcc/arm-none-eabi/7.3.1/../../../../arm-none-eabi/lib/thumb/v7e-m\libc_nano.a(lib_a-strlen.o)
                              Src/SPI_TxOnly_Arduino.o (strlen)

Discarded input sections

 .text          0x0000000000000000        0x0 c:/st/stm32cubeide_1.2.0/stm32cubeide/plugins/com.st.stm32cube.ide.mcu.externaltools.gnu-tools-for-stm32.7-2018-q2-update.win32_1.0.0.201904181610/tools/bin/../lib/gcc/arm-none-eabi/7.3.1/thumb/v7e-m/crti.o
 .data          0x0000000000000000        0x0 c:/st/stm32cubeide_1.2.0/stm32cubeide/plugins/com.st.stm32cube.ide.mcu.externaltools.gnu-tools-for-stm32.7-2018-q2-update.win32_1.0.0.201904181610/tools/bin/../lib/gcc/arm-none-eabi/7.3.1/thumb/v7e-m/crti.o
 .bss           0x0000000000000000        0x0 c:/st/stm32cubeide_1.2.0/stm32cubeide/plugins/com.st.stm32cube.ide.mcu.externaltools.gnu-tools-for-stm32.7-2018-q2-update.win32_1.0.0.201904181610/tools/bin/../lib/gcc/arm-none-eabi/7.3.1/thumb/v7e-m/crti.o
 .data          0x0000000000000000        0x4 c:/st/stm32cubeide_1.2.0/stm32cubeide/plugins/com.st.stm32cube.ide.mcu.externaltools.gnu-tools-for-stm32.7-2018-q2-update.win32_1.0.0.201904181610/tools/bin/../lib/gcc/arm-none-eabi/7.3.1/thumb/v7e-m/crtbegin.o
 .text          0x0000000000000000       0x74 c:/st/stm32cubeide_1.2.0/stm32cubeide/plugins/com.st.stm32cube.ide.mcu.externaltools.gnu-tools-for-stm32.7-2018-q2-update.win32_1.0.0.201904181610/tools/bin/../lib/gcc/arm-none-eabi/7.3.1/../../../../arm-none-eabi/lib/thumb/v7e-m/crt0.o
 .data          0x0000000000000000        0x0 c:/st/stm32cubeide_1.2.0/stm32cubeide/plugins/com.st.stm32cube.ide.mcu.externaltools.gnu-tools-for-stm32.7-2018-q2-update.win32_1.0.0.201904181610/tools/bin/../lib/gcc/arm-none-eabi/7.3.1/../../../../arm-none-eabi/lib/thumb/v7e-m/crt0.o
 .bss           0x0000000000000000        0x0 c:/st/stm32cubeide_1.2.0/stm32cubeide/plugins/com.st.stm32cube.ide.mcu.externaltools.gnu-tools-for-stm32.7-2018-q2-update.win32_1.0.0.201904181610/tools/bin/../lib/gcc/arm-none-eabi/7.3.1/../../../../arm-none-eabi/lib/thumb/v7e-m/crt0.o
 .ARM.extab     0x0000000000000000        0x0 c:/st/stm32cubeide_1.2.0/stm32cubeide/plugins/com.st.stm32cube.ide.mcu.externaltools.gnu-tools-for-stm32.7-2018-q2-update.win32_1.0.0.201904181610/tools/bin/../lib/gcc/arm-none-eabi/7.3.1/../../../../arm-none-eabi/lib/thumb/v7e-m/crt0.o
 .ARM.exidx     0x0000000000000000        0x8 c:/st/stm32cubeide_1.2.0/stm32cubeide/plugins/com.st.stm32cube.ide.mcu.externaltools.gnu-tools-for-stm32.7-2018-q2-update.win32_1.0.0.201904181610/tools/bin/../lib/gcc/arm-none-eabi/7.3.1/../../../../arm-none-eabi/lib/thumb/v7e-m/crt0.o
 .ARM.attributes
                0x0000000000000000       0x1c c:/st/stm32cubeide_1.2.0/stm32cubeide/plugins/com.st.stm32cube.ide.mcu.externaltools.gnu-tools-for-stm32.7-2018-q2-update.win32_1.0.0.201904181610/tools/bin/../lib/gcc/arm-none-eabi/7.3.1/../../../../arm-none-eabi/lib/thumb/v7e-m/crt0.o
 .group         0x0000000000000000        0xc Drivers/Src/CANx_Drivers.o
 .text          0x0000000000000000        0x0 Drivers/Src/CANx_Drivers.o
 .data          0x0000000000000000        0x0 Drivers/Src/CANx_Drivers.o
 .bss           0x0000000000000000        0x0 Drivers/Src/CANx_Drivers.o
 .debug_info    0x0000000000000000       0x21 Drivers/Src/CANx_Drivers.o
 .debug_abbrev  0x0000000000000000       0x13 Drivers/Src/CANx_Drivers.o
 .debug_aranges
                0x0000000000000000       0x18 Drivers/Src/CANx_Drivers.o
 .debug_macro   0x0000000000000000       0x11 Drivers/Src/CANx_Drivers.o
 .debug_macro   0x0000000000000000      0xa66 Drivers/Src/CANx_Drivers.o
 .debug_line    0x0000000000000000       0x3e Drivers/Src/CANx_Drivers.o
 .debug_str     0x0000000000000000     0x2cf1 Drivers/Src/CANx_Drivers.o
 .comment       0x0000000000000000       0x7c Drivers/Src/CANx_Drivers.o
 .ARM.attributes
                0x0000000000000000       0x33 Drivers/Src/CANx_Drivers.o
 .group         0x0000000000000000        0xc Drivers/Src/GPIOx_Drivers.o
 .group         0x0000000000000000        0xc Drivers/Src/GPIOx_Drivers.o
 .group         0x0000000000000000        0xc Drivers/Src/GPIOx_Drivers.o
 .group         0x0000000000000000        0xc Drivers/Src/GPIOx_Drivers.o
 .group         0x0000000000000000        0xc Drivers/Src/GPIOx_Drivers.o
 .group         0x0000000000000000        0xc Drivers/Src/GPIOx_Drivers.o
 .group         0x0000000000000000        0xc Drivers/Src/GPIOx_Drivers.o
 .group         0x0000000000000000        0xc Drivers/Src/GPIOx_Drivers.o
 .group         0x0000000000000000        0xc Drivers/Src/GPIOx_Drivers.o
 .group         0x0000000000000000        0xc Drivers/Src/GPIOx_Drivers.o
 .text          0x0000000000000000        0x0 Drivers/Src/GPIOx_Drivers.o
 .data          0x0000000000000000        0x0 Drivers/Src/GPIOx_Drivers.o
 .bss           0x0000000000000000        0x0 Drivers/Src/GPIOx_Drivers.o
 .text.GPIO_DeInit
                0x0000000000000000      0x16c Drivers/Src/GPIOx_Drivers.o
 .text.GPIO_ReadFromInputPort
                0x0000000000000000       0x1a Drivers/Src/GPIOx_Drivers.o
 .text.GPIO_WriteToOutputPin
                0x0000000000000000       0x48 Drivers/Src/GPIOx_Drivers.o
 .text.GPIO_WriteToOutputPort
                0x0000000000000000       0x1c Drivers/Src/GPIOx_Drivers.o
 .text.GPIO_IRQInterruptConfig
                0x0000000000000000      0x108 Drivers/Src/GPIOx_Drivers.o
 .text.GPIO_IRQPriorityConfig
                0x0000000000000000       0x52 Drivers/Src/GPIOx_Drivers.o
 .text.GPIO_IRQHandling
                0x0000000000000000       0x40 Drivers/Src/GPIOx_Drivers.o
 .debug_macro   0x0000000000000000      0xa66 Drivers/Src/GPIOx_Drivers.o
 .group         0x0000000000000000        0xc Drivers/Src/I2Cx_Drivers.o
 .group         0x0000000000000000        0xc Drivers/Src/I2Cx_Drivers.o
 .group         0x0000000000000000        0xc Drivers/Src/I2Cx_Drivers.o
 .group         0x0000000000000000        0xc Drivers/Src/I2Cx_Drivers.o
 .group         0x0000000000000000        0xc Drivers/Src/I2Cx_Drivers.o
 .group         0x0000000000000000        0xc Drivers/Src/I2Cx_Drivers.o
 .group         0x0000000000000000        0xc Drivers/Src/I2Cx_Drivers.o
 .group         0x0000000000000000        0xc Drivers/Src/I2Cx_Drivers.o
 .group         0x0000000000000000        0xc Drivers/Src/I2Cx_Drivers.o
 .group         0x0000000000000000        0xc Drivers/Src/I2Cx_Drivers.o
 .group         0x0000000000000000        0xc Drivers/Src/I2Cx_Drivers.o
 .group         0x0000000000000000        0xc Drivers/Src/I2Cx_Drivers.o
 .group         0x0000000000000000        0xc Drivers/Src/I2Cx_Drivers.o
 .group         0x0000000000000000        0xc Drivers/Src/I2Cx_Drivers.o
 .group         0x0000000000000000        0xc Drivers/Src/I2Cx_Drivers.o
 .group         0x0000000000000000        0xc Drivers/Src/I2Cx_Drivers.o
 .group         0x0000000000000000        0xc Drivers/Src/I2Cx_Drivers.o
 .group         0x0000000000000000        0xc Drivers/Src/I2Cx_Drivers.o
 .group         0x0000000000000000        0xc Drivers/Src/I2Cx_Drivers.o
 .group         0x0000000000000000        0xc Drivers/Src/I2Cx_Drivers.o
 .group         0x0000000000000000        0xc Drivers/Src/I2Cx_Drivers.o
 .group         0x0000000000000000        0xc Drivers/Src/I2Cx_Drivers.o
 .group         0x0000000000000000        0xc Drivers/Src/I2Cx_Drivers.o
 .group         0x0000000000000000        0xc Drivers/Src/I2Cx_Drivers.o
 .group         0x0000000000000000        0xc Drivers/Src/I2Cx_Drivers.o
 .text          0x0000000000000000        0x0 Drivers/Src/I2Cx_Drivers.o
 .data          0x0000000000000000        0x0 Drivers/Src/I2Cx_Drivers.o
 .bss           0x0000000000000000        0x0 Drivers/Src/I2Cx_Drivers.o
 .text.I2C_GenerateStartCondition
                0x0000000000000000       0x1e Drivers/Src/I2Cx_Drivers.o
 .text.I2C_ExecuteAddressPhaseWrite
                0x0000000000000000       0x2a Drivers/Src/I2Cx_Drivers.o
 .text.I2C_ExecuteAddressPhaseRead
                0x0000000000000000       0x2a Drivers/Src/I2Cx_Drivers.o
 .text.I2C_ClearADDRFlag
                0x0000000000000000       0x6e Drivers/Src/I2Cx_Drivers.o
 .text.I2C_GenerateStopCondition
                0x0000000000000000       0x1e Drivers/Src/I2Cx_Drivers.o
 .text.I2C_SlaveEnableDisableCallbackEvents
                0x0000000000000000       0x66 Drivers/Src/I2Cx_Drivers.o
 .text.I2C_PeripheralControl
                0x0000000000000000       0x36 Drivers/Src/I2Cx_Drivers.o
 .text.I2C_PeriClockControl
                0x0000000000000000       0x6c Drivers/Src/I2Cx_Drivers.o
 .text.I2C_Init
                0x0000000000000000      0x170 Drivers/Src/I2Cx_Drivers.o
 .text.I2C_DeInit
                0x0000000000000000       0x12 Drivers/Src/I2Cx_Drivers.o
 .text.I2C_GetFlagStatus
                0x0000000000000000       0x26 Drivers/Src/I2Cx_Drivers.o
 .text.I2C_MasterSendData
                0x0000000000000000       0xc6 Drivers/Src/I2Cx_Drivers.o
 .text.I2C_MasterReceiveData
                0x0000000000000000      0x124 Drivers/Src/I2Cx_Drivers.o
 .text.I2C_ManageAcking
                0x0000000000000000       0x36 Drivers/Src/I2Cx_Drivers.o
 .text.I2C_IRQInterruptConfig
                0x0000000000000000      0x108 Drivers/Src/I2Cx_Drivers.o
 .text.I2C_IRQPriorityConfig
                0x0000000000000000       0x52 Drivers/Src/I2Cx_Drivers.o
 .text.I2C_MasterSendDataIT
                0x0000000000000000       0x86 Drivers/Src/I2Cx_Drivers.o
 .text.I2C_MasterReceiveDataIT
                0x0000000000000000       0x94 Drivers/Src/I2Cx_Drivers.o
 .text.I2C_MasterHandleTXEInterrupt
                0x0000000000000000       0x3a Drivers/Src/I2Cx_Drivers.o
 .text.I2C_MasterHandleRXNEInterrupt
                0x0000000000000000       0x98 Drivers/Src/I2Cx_Drivers.o
 .text.I2C_CloseReceiveData
                0x0000000000000000       0x5c Drivers/Src/I2Cx_Drivers.o
 .text.I2C_CloseSendData
                0x0000000000000000       0x44 Drivers/Src/I2Cx_Drivers.o
 .text.I2C_SlaveSendData
                0x0000000000000000       0x1c Drivers/Src/I2Cx_Drivers.o
 .text.I2C_SlaveReceiveData
                0x0000000000000000       0x18 Drivers/Src/I2Cx_Drivers.o
 .text.I2C_EV_IRQHandling
                0x0000000000000000      0x1b8 Drivers/Src/I2Cx_Drivers.o
 .text.I2C_ER_IRQHandling
                0x0000000000000000      0x10c Drivers/Src/I2Cx_Drivers.o
 .debug_info    0x0000000000000000     0x120c Drivers/Src/I2Cx_Drivers.o
 .debug_abbrev  0x0000000000000000      0x2e3 Drivers/Src/I2Cx_Drivers.o
 .debug_aranges
                0x0000000000000000       0xe8 Drivers/Src/I2Cx_Drivers.o
 .debug_ranges  0x0000000000000000       0xd8 Drivers/Src/I2Cx_Drivers.o
 .debug_macro   0x0000000000000000      0x16f Drivers/Src/I2Cx_Drivers.o
 .debug_macro   0x0000000000000000      0xa66 Drivers/Src/I2Cx_Drivers.o
 .debug_macro   0x0000000000000000       0x22 Drivers/Src/I2Cx_Drivers.o
 .debug_macro   0x0000000000000000       0x40 Drivers/Src/I2Cx_Drivers.o
 .debug_macro   0x0000000000000000       0x18 Drivers/Src/I2Cx_Drivers.o
 .debug_macro   0x0000000000000000       0x94 Drivers/Src/I2Cx_Drivers.o
 .debug_macro   0x0000000000000000       0x3c Drivers/Src/I2Cx_Drivers.o
 .debug_macro   0x0000000000000000       0x34 Drivers/Src/I2Cx_Drivers.o
 .debug_macro   0x0000000000000000      0x174 Drivers/Src/I2Cx_Drivers.o
 .debug_macro   0x0000000000000000       0x57 Drivers/Src/I2Cx_Drivers.o
 .debug_macro   0x0000000000000000       0x52 Drivers/Src/I2Cx_Drivers.o
 .debug_macro   0x0000000000000000       0x1f Drivers/Src/I2Cx_Drivers.o
 .debug_macro   0x0000000000000000       0x43 Drivers/Src/I2Cx_Drivers.o
 .debug_macro   0x0000000000000000       0x20 Drivers/Src/I2Cx_Drivers.o
 .debug_macro   0x0000000000000000      0x1a3 Drivers/Src/I2Cx_Drivers.o
 .debug_macro   0x0000000000000000      0x330 Drivers/Src/I2Cx_Drivers.o
 .debug_macro   0x0000000000000000       0x10 Drivers/Src/I2Cx_Drivers.o
 .debug_macro   0x0000000000000000       0x35 Drivers/Src/I2Cx_Drivers.o
 .debug_macro   0x0000000000000000       0x20 Drivers/Src/I2Cx_Drivers.o
 .debug_macro   0x0000000000000000       0xef Drivers/Src/I2Cx_Drivers.o
 .debug_macro   0x0000000000000000       0x6a Drivers/Src/I2Cx_Drivers.o
 .debug_macro   0x0000000000000000      0x1df Drivers/Src/I2Cx_Drivers.o
 .debug_macro   0x0000000000000000      0x60f Drivers/Src/I2Cx_Drivers.o
 .debug_macro   0x0000000000000000       0xbe Drivers/Src/I2Cx_Drivers.o
 .debug_macro   0x0000000000000000       0xca Drivers/Src/I2Cx_Drivers.o
 .debug_macro   0x0000000000000000       0xd0 Drivers/Src/I2Cx_Drivers.o
 .debug_line    0x0000000000000000      0x955 Drivers/Src/I2Cx_Drivers.o
 .debug_str     0x0000000000000000     0x9b42 Drivers/Src/I2Cx_Drivers.o
 .comment       0x0000000000000000       0x7c Drivers/Src/I2Cx_Drivers.o
 .debug_frame   0x0000000000000000      0x3f8 Drivers/Src/I2Cx_Drivers.o
 .ARM.attributes
                0x0000000000000000       0x33 Drivers/Src/I2Cx_Drivers.o
 .group         0x0000000000000000        0xc Drivers/Src/RCC_Drivers.o
 .group         0x0000000000000000        0xc Drivers/Src/RCC_Drivers.o
 .group         0x0000000000000000        0xc Drivers/Src/RCC_Drivers.o
 .group         0x0000000000000000        0xc Drivers/Src/RCC_Drivers.o
 .group         0x0000000000000000        0xc Drivers/Src/RCC_Drivers.o
 .group         0x0000000000000000        0xc Drivers/Src/RCC_Drivers.o
 .group         0x0000000000000000        0xc Drivers/Src/RCC_Drivers.o
 .group         0x0000000000000000        0xc Drivers/Src/RCC_Drivers.o
 .group         0x0000000000000000        0xc Drivers/Src/RCC_Drivers.o
 .text          0x0000000000000000        0x0 Drivers/Src/RCC_Drivers.o
 .data          0x0000000000000000        0x0 Drivers/Src/RCC_Drivers.o
 .bss           0x0000000000000000        0x0 Drivers/Src/RCC_Drivers.o
 .data.AHB_PreScaler
                0x0000000000000000       0x10 Drivers/Src/RCC_Drivers.o
 .data.APB1_PreScaler
                0x0000000000000000        0x4 Drivers/Src/RCC_Drivers.o
 .text.RCC_GetPCLK1Value
                0x0000000000000000       0xb0 Drivers/Src/RCC_Drivers.o
 .text.RCC_GetPCLK2Value
                0x0000000000000000       0xa0 Drivers/Src/RCC_Drivers.o
 .text.RCC_GetPLLOutputClock
                0x0000000000000000        0xe Drivers/Src/RCC_Drivers.o
 .debug_info    0x0000000000000000      0x37d Drivers/Src/RCC_Drivers.o
 .debug_abbrev  0x0000000000000000       0xfd Drivers/Src/RCC_Drivers.o
 .debug_aranges
                0x0000000000000000       0x30 Drivers/Src/RCC_Drivers.o
 .debug_ranges  0x0000000000000000       0x20 Drivers/Src/RCC_Drivers.o
 .debug_macro   0x0000000000000000       0x85 Drivers/Src/RCC_Drivers.o
 .debug_macro   0x0000000000000000      0xa66 Drivers/Src/RCC_Drivers.o
 .debug_macro   0x0000000000000000       0x22 Drivers/Src/RCC_Drivers.o
 .debug_macro   0x0000000000000000       0x8e Drivers/Src/RCC_Drivers.o
 .debug_macro   0x0000000000000000       0x51 Drivers/Src/RCC_Drivers.o
 .debug_macro   0x0000000000000000       0xef Drivers/Src/RCC_Drivers.o
 .debug_macro   0x0000000000000000       0x6a Drivers/Src/RCC_Drivers.o
 .debug_macro   0x0000000000000000      0x1df Drivers/Src/RCC_Drivers.o
 .debug_macro   0x0000000000000000      0x174 Drivers/Src/RCC_Drivers.o
 .debug_macro   0x0000000000000000      0x60f Drivers/Src/RCC_Drivers.o
 .debug_line    0x0000000000000000      0x43d Drivers/Src/RCC_Drivers.o
 .debug_str     0x0000000000000000     0x604b Drivers/Src/RCC_Drivers.o
 .comment       0x0000000000000000       0x7c Drivers/Src/RCC_Drivers.o
 .debug_frame   0x0000000000000000       0x7c Drivers/Src/RCC_Drivers.o
 .ARM.attributes
                0x0000000000000000       0x33 Drivers/Src/RCC_Drivers.o
 .group         0x0000000000000000        0xc Drivers/Src/SPIx_Drivers.o
 .group         0x0000000000000000        0xc Drivers/Src/SPIx_Drivers.o
 .group         0x0000000000000000        0xc Drivers/Src/SPIx_Drivers.o
 .group         0x0000000000000000        0xc Drivers/Src/SPIx_Drivers.o
 .group         0x0000000000000000        0xc Drivers/Src/SPIx_Drivers.o
 .group         0x0000000000000000        0xc Drivers/Src/SPIx_Drivers.o
 .group         0x0000000000000000        0xc Drivers/Src/SPIx_Drivers.o
 .group         0x0000000000000000        0xc Drivers/Src/SPIx_Drivers.o
 .group         0x0000000000000000        0xc Drivers/Src/SPIx_Drivers.o
 .group         0x0000000000000000        0xc Drivers/Src/SPIx_Drivers.o
 .text          0x0000000000000000        0x0 Drivers/Src/SPIx_Drivers.o
 .data          0x0000000000000000        0x0 Drivers/Src/SPIx_Drivers.o
 .bss           0x0000000000000000        0x0 Drivers/Src/SPIx_Drivers.o
 .text.SPI_DeInit
                0x0000000000000000       0x12 Drivers/Src/SPIx_Drivers.o
 .text.SPI_ReceiveData
                0x0000000000000000       0x6c Drivers/Src/SPIx_Drivers.o
 .text.SPI_SSIConfig
                0x0000000000000000       0x36 Drivers/Src/SPIx_Drivers.o
 .text.SPI_IRQInterruptConfig
                0x0000000000000000      0x108 Drivers/Src/SPIx_Drivers.o
 .text.SPI_IRQPriorityConfig
                0x0000000000000000       0x52 Drivers/Src/SPIx_Drivers.o
 .text.SPI_SendDataIT
                0x0000000000000000       0x46 Drivers/Src/SPIx_Drivers.o
 .text.SPI_ReceiveDataIT
                0x0000000000000000       0x46 Drivers/Src/SPIx_Drivers.o
 .text.SPI_IRQHandling
                0x0000000000000000       0x9a Drivers/Src/SPIx_Drivers.o
 .text.spi_txe_interrupt_handle
                0x0000000000000000       0x80 Drivers/Src/SPIx_Drivers.o
 .text.spi_rxne_interrupt_handle
                0x0000000000000000       0x84 Drivers/Src/SPIx_Drivers.o
 .text.spi_ovr_err_interrupt_handle
                0x0000000000000000       0x30 Drivers/Src/SPIx_Drivers.o
 .text.SPI_CloseTransmisson
                0x0000000000000000       0x34 Drivers/Src/SPIx_Drivers.o
 .text.SPI_CloseReception
                0x0000000000000000       0x34 Drivers/Src/SPIx_Drivers.o
 .text.SPI_ClearOVRFlag
                0x0000000000000000       0x1e Drivers/Src/SPIx_Drivers.o
 .debug_macro   0x0000000000000000      0xa66 Drivers/Src/SPIx_Drivers.o
 .debug_macro   0x0000000000000000       0x22 Drivers/Src/SPIx_Drivers.o
 .debug_macro   0x0000000000000000       0x8e Drivers/Src/SPIx_Drivers.o
 .debug_macro   0x0000000000000000       0x51 Drivers/Src/SPIx_Drivers.o
 .debug_macro   0x0000000000000000       0xef Drivers/Src/SPIx_Drivers.o
 .debug_macro   0x0000000000000000       0x6a Drivers/Src/SPIx_Drivers.o
 .debug_macro   0x0000000000000000      0x1df Drivers/Src/SPIx_Drivers.o
 .debug_macro   0x0000000000000000      0x174 Drivers/Src/SPIx_Drivers.o
 .debug_macro   0x0000000000000000      0x60f Drivers/Src/SPIx_Drivers.o
 .debug_macro   0x0000000000000000       0xbe Drivers/Src/SPIx_Drivers.o
 .group         0x0000000000000000        0xc Src/SPI_TxOnly_Arduino.o
 .group         0x0000000000000000        0xc Src/SPI_TxOnly_Arduino.o
 .group         0x0000000000000000        0xc Src/SPI_TxOnly_Arduino.o
 .group         0x0000000000000000        0xc Src/SPI_TxOnly_Arduino.o
 .group         0x0000000000000000        0xc Src/SPI_TxOnly_Arduino.o
 .group         0x0000000000000000        0xc Src/SPI_TxOnly_Arduino.o
 .group         0x0000000000000000        0xc Src/SPI_TxOnly_Arduino.o
 .group         0x0000000000000000        0xc Src/SPI_TxOnly_Arduino.o
 .group         0x0000000000000000        0xc Src/SPI_TxOnly_Arduino.o
 .group         0x0000000000000000        0xc Src/SPI_TxOnly_Arduino.o
 .group         0x0000000000000000        0xc Src/SPI_TxOnly_Arduino.o
 .group         0x0000000000000000        0xc Src/SPI_TxOnly_Arduino.o
 .group         0x0000000000000000        0xc Src/SPI_TxOnly_Arduino.o
 .group         0x0000000000000000        0xc Src/SPI_TxOnly_Arduino.o
 .group         0x0000000000000000        0xc Src/SPI_TxOnly_Arduino.o
 .group         0x0000000000000000        0xc Src/SPI_TxOnly_Arduino.o
 .group         0x0000000000000000        0xc Src/SPI_TxOnly_Arduino.o
 .group         0x0000000000000000        0xc Src/SPI_TxOnly_Arduino.o
 .group         0x0000000000000000        0xc Src/SPI_TxOnly_Arduino.o
 .group         0x0000000000000000        0xc Src/SPI_TxOnly_Arduino.o
 .group         0x0000000000000000        0xc Src/SPI_TxOnly_Arduino.o
 .group         0x0000000000000000        0xc Src/SPI_TxOnly_Arduino.o
 .group         0x0000000000000000        0xc Src/SPI_TxOnly_Arduino.o
 .group         0x0000000000000000        0xc Src/SPI_TxOnly_Arduino.o
 .group         0x0000000000000000        0xc Src/SPI_TxOnly_Arduino.o
 .text          0x0000000000000000        0x0 Src/SPI_TxOnly_Arduino.o
 .data          0x0000000000000000        0x0 Src/SPI_TxOnly_Arduino.o
 .bss           0x0000000000000000        0x0 Src/SPI_TxOnly_Arduino.o
 .debug_macro   0x0000000000000000      0xa66 Src/SPI_TxOnly_Arduino.o
 .debug_macro   0x0000000000000000       0x22 Src/SPI_TxOnly_Arduino.o
 .debug_macro   0x0000000000000000       0x40 Src/SPI_TxOnly_Arduino.o
 .debug_macro   0x0000000000000000       0x18 Src/SPI_TxOnly_Arduino.o
 .debug_macro   0x0000000000000000       0x94 Src/SPI_TxOnly_Arduino.o
 .debug_macro   0x0000000000000000       0x3c Src/SPI_TxOnly_Arduino.o
 .debug_macro   0x0000000000000000       0x34 Src/SPI_TxOnly_Arduino.o
 .debug_macro   0x0000000000000000      0x174 Src/SPI_TxOnly_Arduino.o
 .debug_macro   0x0000000000000000       0x57 Src/SPI_TxOnly_Arduino.o
 .debug_macro   0x0000000000000000       0x52 Src/SPI_TxOnly_Arduino.o
 .debug_macro   0x0000000000000000       0x1f Src/SPI_TxOnly_Arduino.o
 .debug_macro   0x0000000000000000       0x43 Src/SPI_TxOnly_Arduino.o
 .debug_macro   0x0000000000000000       0x20 Src/SPI_TxOnly_Arduino.o
 .debug_macro   0x0000000000000000      0x1a3 Src/SPI_TxOnly_Arduino.o
 .debug_macro   0x0000000000000000      0x330 Src/SPI_TxOnly_Arduino.o
 .debug_macro   0x0000000000000000       0x10 Src/SPI_TxOnly_Arduino.o
 .debug_macro   0x0000000000000000       0x35 Src/SPI_TxOnly_Arduino.o
 .debug_macro   0x0000000000000000       0x20 Src/SPI_TxOnly_Arduino.o
 .debug_macro   0x0000000000000000       0xef Src/SPI_TxOnly_Arduino.o
 .debug_macro   0x0000000000000000       0x6a Src/SPI_TxOnly_Arduino.o
 .debug_macro   0x0000000000000000      0x1df Src/SPI_TxOnly_Arduino.o
 .debug_macro   0x0000000000000000      0x60f Src/SPI_TxOnly_Arduino.o
 .debug_macro   0x0000000000000000       0xbe Src/SPI_TxOnly_Arduino.o
 .debug_macro   0x0000000000000000       0xd0 Src/SPI_TxOnly_Arduino.o
 .debug_macro   0x0000000000000000       0xca Src/SPI_TxOnly_Arduino.o
 .group         0x0000000000000000        0xc Src/syscalls.o
 .group         0x0000000000000000        0xc Src/syscalls.o
 .group         0x0000000000000000        0xc Src/syscalls.o
 .group         0x0000000000000000        0xc Src/syscalls.o
 .group         0x0000000000000000        0xc Src/syscalls.o
 .group         0x0000000000000000        0xc Src/syscalls.o
 .group         0x0000000000000000        0xc Src/syscalls.o
 .group         0x0000000000000000        0xc Src/syscalls.o
 .group         0x0000000000000000        0xc Src/syscalls.o
 .group         0x0000000000000000        0xc Src/syscalls.o
 .group         0x0000000000000000        0xc Src/syscalls.o
 .group         0x0000000000000000        0xc Src/syscalls.o
 .group         0x0000000000000000        0xc Src/syscalls.o
 .group         0x0000000000000000        0xc Src/syscalls.o
 .group         0x0000000000000000        0xc Src/syscalls.o
 .group         0x0000000000000000        0xc Src/syscalls.o
 .group         0x0000000000000000        0xc Src/syscalls.o
 .group         0x0000000000000000        0xc Src/syscalls.o
 .group         0x0000000000000000        0xc Src/syscalls.o
 .group         0x0000000000000000        0xc Src/syscalls.o
 .group         0x0000000000000000        0xc Src/syscalls.o
 .group         0x0000000000000000        0xc Src/syscalls.o
 .group         0x0000000000000000        0xc Src/syscalls.o
 .group         0x0000000000000000        0xc Src/syscalls.o
 .group         0x0000000000000000        0xc Src/syscalls.o
 .group         0x0000000000000000        0xc Src/syscalls.o
 .group         0x0000000000000000        0xc Src/syscalls.o
 .group         0x0000000000000000        0xc Src/syscalls.o
 .group         0x0000000000000000        0xc Src/syscalls.o
 .group         0x0000000000000000        0xc Src/syscalls.o
 .group         0x0000000000000000        0xc Src/syscalls.o
 .group         0x0000000000000000        0xc Src/syscalls.o
 .group         0x0000000000000000        0xc Src/syscalls.o
 .group         0x0000000000000000        0xc Src/syscalls.o
 .group         0x0000000000000000        0xc Src/syscalls.o
 .group         0x0000000000000000        0xc Src/syscalls.o
 .group         0x0000000000000000        0xc Src/syscalls.o
 .group         0x0000000000000000        0xc Src/syscalls.o
 .group         0x0000000000000000        0xc Src/syscalls.o
 .group         0x0000000000000000        0xc Src/syscalls.o
 .group         0x0000000000000000        0xc Src/syscalls.o
 .group         0x0000000000000000        0xc Src/syscalls.o
 .group         0x0000000000000000        0xc Src/syscalls.o
 .group         0x0000000000000000        0xc Src/syscalls.o
 .text          0x0000000000000000        0x0 Src/syscalls.o
 .data          0x0000000000000000        0x0 Src/syscalls.o
 .bss           0x0000000000000000        0x0 Src/syscalls.o
 .bss.__env     0x0000000000000000        0x4 Src/syscalls.o
 .data.environ  0x0000000000000000        0x4 Src/syscalls.o
 .text.initialise_monitor_handles
                0x0000000000000000        0xc Src/syscalls.o
 .text._getpid  0x0000000000000000        0xe Src/syscalls.o
 .text._kill    0x0000000000000000       0x20 Src/syscalls.o
 .text._exit    0x0000000000000000       0x14 Src/syscalls.o
 .text._read    0x0000000000000000       0x3a Src/syscalls.o
 .text._write   0x0000000000000000       0x38 Src/syscalls.o
 .text._close   0x0000000000000000       0x16 Src/syscalls.o
 .text._fstat   0x0000000000000000       0x1e Src/syscalls.o
 .text._isatty  0x0000000000000000       0x14 Src/syscalls.o
 .text._lseek   0x0000000000000000       0x18 Src/syscalls.o
 .text._open    0x0000000000000000       0x1a Src/syscalls.o
 .text._wait    0x0000000000000000       0x1e Src/syscalls.o
 .text._unlink  0x0000000000000000       0x1e Src/syscalls.o
 .text._times   0x0000000000000000       0x16 Src/syscalls.o
 .text._stat    0x0000000000000000       0x1e Src/syscalls.o
 .text._link    0x0000000000000000       0x20 Src/syscalls.o
 .text._fork    0x0000000000000000       0x16 Src/syscalls.o
 .text._execve  0x0000000000000000       0x22 Src/syscalls.o
 .debug_info    0x0000000000000000      0xebd Src/syscalls.o
 .debug_abbrev  0x0000000000000000      0x261 Src/syscalls.o
 .debug_aranges
                0x0000000000000000       0xa8 Src/syscalls.o
 .debug_ranges  0x0000000000000000       0x98 Src/syscalls.o
 .debug_macro   0x0000000000000000      0x243 Src/syscalls.o
 .debug_macro   0x0000000000000000      0xa66 Src/syscalls.o
 .debug_macro   0x0000000000000000       0x22 Src/syscalls.o
 .debug_macro   0x0000000000000000       0x40 Src/syscalls.o
 .debug_macro   0x0000000000000000       0x18 Src/syscalls.o
 .debug_macro   0x0000000000000000       0x94 Src/syscalls.o
 .debug_macro   0x0000000000000000       0x3c Src/syscalls.o
 .debug_macro   0x0000000000000000       0x34 Src/syscalls.o
 .debug_macro   0x0000000000000000       0x57 Src/syscalls.o
 .debug_macro   0x0000000000000000      0x174 Src/syscalls.o
 .debug_macro   0x0000000000000000      0x330 Src/syscalls.o
 .debug_macro   0x0000000000000000       0x52 Src/syscalls.o
 .debug_macro   0x0000000000000000       0x1f Src/syscalls.o
 .debug_macro   0x0000000000000000       0x43 Src/syscalls.o
 .debug_macro   0x0000000000000000       0x20 Src/syscalls.o
 .debug_macro   0x0000000000000000      0x1a3 Src/syscalls.o
 .debug_macro   0x0000000000000000       0x10 Src/syscalls.o
 .debug_macro   0x0000000000000000       0x35 Src/syscalls.o
 .debug_macro   0x0000000000000000       0x10 Src/syscalls.o
 .debug_macro   0x0000000000000000       0x10 Src/syscalls.o
 .debug_macro   0x0000000000000000       0x10 Src/syscalls.o
 .debug_macro   0x0000000000000000       0x6a Src/syscalls.o
 .debug_macro   0x0000000000000000       0x1c Src/syscalls.o
 .debug_macro   0x0000000000000000       0x52 Src/syscalls.o
 .debug_macro   0x0000000000000000       0x40 Src/syscalls.o
 .debug_macro   0x0000000000000000       0x10 Src/syscalls.o
 .debug_macro   0x0000000000000000       0x40 Src/syscalls.o
 .debug_macro   0x0000000000000000       0xd7 Src/syscalls.o
 .debug_macro   0x0000000000000000       0x1c Src/syscalls.o
 .debug_macro   0x0000000000000000       0x3d Src/syscalls.o
 .debug_macro   0x0000000000000000       0x35 Src/syscalls.o
 .debug_macro   0x0000000000000000      0x122 Src/syscalls.o
 .debug_macro   0x0000000000000000       0x16 Src/syscalls.o
 .debug_macro   0x0000000000000000       0x16 Src/syscalls.o
 .debug_macro   0x0000000000000000       0x29 Src/syscalls.o
 .debug_macro   0x0000000000000000       0x10 Src/syscalls.o
 .debug_macro   0x0000000000000000      0x241 Src/syscalls.o
 .debug_macro   0x0000000000000000       0x1c Src/syscalls.o
 .debug_macro   0x0000000000000000       0x10 Src/syscalls.o
 .debug_macro   0x0000000000000000       0x10 Src/syscalls.o
 .debug_macro   0x0000000000000000       0x16 Src/syscalls.o
 .debug_macro   0x0000000000000000      0x145 Src/syscalls.o
 .debug_macro   0x0000000000000000      0x189 Src/syscalls.o
 .debug_macro   0x0000000000000000       0x16 Src/syscalls.o
 .debug_macro   0x0000000000000000       0x88 Src/syscalls.o
 .debug_line    0x0000000000000000      0x739 Src/syscalls.o
 .debug_str     0x0000000000000000     0x8888 Src/syscalls.o
 .comment       0x0000000000000000       0x7c Src/syscalls.o
 .debug_frame   0x0000000000000000      0x2ac Src/syscalls.o
 .ARM.attributes
                0x0000000000000000       0x33 Src/syscalls.o
 .group         0x0000000000000000        0xc Src/sysmem.o
 .group         0x0000000000000000        0xc Src/sysmem.o
 .group         0x0000000000000000        0xc Src/sysmem.o
 .group         0x0000000000000000        0xc Src/sysmem.o
 .group         0x0000000000000000        0xc Src/sysmem.o
 .group         0x0000000000000000        0xc Src/sysmem.o
 .group         0x0000000000000000        0xc Src/sysmem.o
 .group         0x0000000000000000        0xc Src/sysmem.o
 .group         0x0000000000000000        0xc Src/sysmem.o
 .group         0x0000000000000000        0xc Src/sysmem.o
 .group         0x0000000000000000        0xc Src/sysmem.o
 .group         0x0000000000000000        0xc Src/sysmem.o
 .group         0x0000000000000000        0xc Src/sysmem.o
 .group         0x0000000000000000        0xc Src/sysmem.o
 .group         0x0000000000000000        0xc Src/sysmem.o
 .group         0x0000000000000000        0xc Src/sysmem.o
 .group         0x0000000000000000        0xc Src/sysmem.o
 .group         0x0000000000000000        0xc Src/sysmem.o
 .group         0x0000000000000000        0xc Src/sysmem.o
 .group         0x0000000000000000        0xc Src/sysmem.o
 .group         0x0000000000000000        0xc Src/sysmem.o
 .group         0x0000000000000000        0xc Src/sysmem.o
 .group         0x0000000000000000        0xc Src/sysmem.o
 .group         0x0000000000000000        0xc Src/sysmem.o
 .group         0x0000000000000000        0xc Src/sysmem.o
 .group         0x0000000000000000        0xc Src/sysmem.o
 .group         0x0000000000000000        0xc Src/sysmem.o
 .group         0x0000000000000000        0xc Src/sysmem.o
 .group         0x0000000000000000        0xc Src/sysmem.o
 .group         0x0000000000000000        0xc Src/sysmem.o
 .group         0x0000000000000000        0xc Src/sysmem.o
 .group         0x0000000000000000        0xc Src/sysmem.o
 .text          0x0000000000000000        0x0 Src/sysmem.o
 .data          0x0000000000000000        0x0 Src/sysmem.o
 .bss           0x0000000000000000        0x0 Src/sysmem.o
 .bss.heap_end.5149
                0x0000000000000000        0x4 Src/sysmem.o
 .text._sbrk    0x0000000000000000       0x58 Src/sysmem.o
 .debug_info    0x0000000000000000      0x91c Src/sysmem.o
 .debug_abbrev  0x0000000000000000      0x1bb Src/sysmem.o
 .debug_aranges
                0x0000000000000000       0x20 Src/sysmem.o
 .debug_ranges  0x0000000000000000       0x10 Src/sysmem.o
 .debug_macro   0x0000000000000000      0x1ae Src/sysmem.o
 .debug_macro   0x0000000000000000      0xa66 Src/sysmem.o
 .debug_macro   0x0000000000000000       0x10 Src/sysmem.o
 .debug_macro   0x0000000000000000       0x22 Src/sysmem.o
 .debug_macro   0x0000000000000000       0x40 Src/sysmem.o
 .debug_macro   0x0000000000000000       0x18 Src/sysmem.o
 .debug_macro   0x0000000000000000       0x94 Src/sysmem.o
 .debug_macro   0x0000000000000000       0x3c Src/sysmem.o
 .debug_macro   0x0000000000000000       0x34 Src/sysmem.o
 .debug_macro   0x0000000000000000      0x174 Src/sysmem.o
 .debug_macro   0x0000000000000000       0x57 Src/sysmem.o
 .debug_macro   0x0000000000000000       0x52 Src/sysmem.o
 .debug_macro   0x0000000000000000       0x1f Src/sysmem.o
 .debug_macro   0x0000000000000000       0x43 Src/sysmem.o
 .debug_macro   0x0000000000000000       0x20 Src/sysmem.o
 .debug_macro   0x0000000000000000      0x1a3 Src/sysmem.o
 .debug_macro   0x0000000000000000      0x23b Src/sysmem.o
 .debug_macro   0x0000000000000000       0x16 Src/sysmem.o
 .debug_macro   0x0000000000000000       0x35 Src/sysmem.o
 .debug_macro   0x0000000000000000      0x330 Src/sysmem.o
 .debug_macro   0x0000000000000000       0x10 Src/sysmem.o
 .debug_macro   0x0000000000000000       0x10 Src/sysmem.o
 .debug_macro   0x0000000000000000       0x6a Src/sysmem.o
 .debug_macro   0x0000000000000000       0x1c Src/sysmem.o
 .debug_macro   0x0000000000000000       0x52 Src/sysmem.o
 .debug_macro   0x0000000000000000       0x40 Src/sysmem.o
 .debug_macro   0x0000000000000000       0x10 Src/sysmem.o
 .debug_macro   0x0000000000000000       0x40 Src/sysmem.o
 .debug_macro   0x0000000000000000       0xd7 Src/sysmem.o
 .debug_macro   0x0000000000000000       0x1c Src/sysmem.o
 .debug_macro   0x0000000000000000       0x3d Src/sysmem.o
 .debug_macro   0x0000000000000000       0x16 Src/sysmem.o
 .debug_macro   0x0000000000000000      0x145 Src/sysmem.o
 .debug_line    0x0000000000000000      0x559 Src/sysmem.o
 .debug_str     0x0000000000000000     0x7ae1 Src/sysmem.o
 .comment       0x0000000000000000       0x7c Src/sysmem.o
 .debug_frame   0x0000000000000000       0x34 Src/sysmem.o
 .ARM.attributes
                0x0000000000000000       0x33 Src/sysmem.o
 .text          0x0000000000000000       0x14 Startup/startup_stm32f429zitx.o
 .data          0x0000000000000000        0x0 Startup/startup_stm32f429zitx.o
 .bss           0x0000000000000000        0x0 Startup/startup_stm32f429zitx.o
 .text          0x0000000000000000        0x0 c:/st/stm32cubeide_1.2.0/stm32cubeide/plugins/com.st.stm32cube.ide.mcu.externaltools.gnu-tools-for-stm32.7-2018-q2-update.win32_1.0.0.201904181610/tools/bin/../lib/gcc/arm-none-eabi/7.3.1/../../../../arm-none-eabi/lib/thumb/v7e-m\libc_nano.a(lib_a-errno.o)
 .data          0x0000000000000000        0x0 c:/st/stm32cubeide_1.2.0/stm32cubeide/plugins/com.st.stm32cube.ide.mcu.externaltools.gnu-tools-for-stm32.7-2018-q2-update.win32_1.0.0.201904181610/tools/bin/../lib/gcc/arm-none-eabi/7.3.1/../../../../arm-none-eabi/lib/thumb/v7e-m\libc_nano.a(lib_a-errno.o)
 .bss           0x0000000000000000        0x0 c:/st/stm32cubeide_1.2.0/stm32cubeide/plugins/com.st.stm32cube.ide.mcu.externaltools.gnu-tools-for-stm32.7-2018-q2-update.win32_1.0.0.201904181610/tools/bin/../lib/gcc/arm-none-eabi/7.3.1/../../../../arm-none-eabi/lib/thumb/v7e-m\libc_nano.a(lib_a-errno.o)
 .text.__errno  0x0000000000000000        0xc c:/st/stm32cubeide_1.2.0/stm32cubeide/plugins/com.st.stm32cube.ide.mcu.externaltools.gnu-tools-for-stm32.7-2018-q2-update.win32_1.0.0.201904181610/tools/bin/../lib/gcc/arm-none-eabi/7.3.1/../../../../arm-none-eabi/lib/thumb/v7e-m\libc_nano.a(lib_a-errno.o)
 .debug_frame   0x0000000000000000       0x20 c:/st/stm32cubeide_1.2.0/stm32cubeide/plugins/com.st.stm32cube.ide.mcu.externaltools.gnu-tools-for-stm32.7-2018-q2-update.win32_1.0.0.201904181610/tools/bin/../lib/gcc/arm-none-eabi/7.3.1/../../../../arm-none-eabi/lib/thumb/v7e-m\libc_nano.a(lib_a-errno.o)
 .ARM.attributes
                0x0000000000000000       0x2e c:/st/stm32cubeide_1.2.0/stm32cubeide/plugins/com.st.stm32cube.ide.mcu.externaltools.gnu-tools-for-stm32.7-2018-q2-update.win32_1.0.0.201904181610/tools/bin/../lib/gcc/arm-none-eabi/7.3.1/../../../../arm-none-eabi/lib/thumb/v7e-m\libc_nano.a(lib_a-errno.o)
 .text          0x0000000000000000        0x0 c:/st/stm32cubeide_1.2.0/stm32cubeide/plugins/com.st.stm32cube.ide.mcu.externaltools.gnu-tools-for-stm32.7-2018-q2-update.win32_1.0.0.201904181610/tools/bin/../lib/gcc/arm-none-eabi/7.3.1/../../../../arm-none-eabi/lib/thumb/v7e-m\libc_nano.a(lib_a-exit.o)
 .data          0x0000000000000000        0x0 c:/st/stm32cubeide_1.2.0/stm32cubeide/plugins/com.st.stm32cube.ide.mcu.externaltools.gnu-tools-for-stm32.7-2018-q2-update.win32_1.0.0.201904181610/tools/bin/../lib/gcc/arm-none-eabi/7.3.1/../../../../arm-none-eabi/lib/thumb/v7e-m\libc_nano.a(lib_a-exit.o)
 .bss           0x0000000000000000        0x0 c:/st/stm32cubeide_1.2.0/stm32cubeide/plugins/com.st.stm32cube.ide.mcu.externaltools.gnu-tools-for-stm32.7-2018-q2-update.win32_1.0.0.201904181610/tools/bin/../lib/gcc/arm-none-eabi/7.3.1/../../../../arm-none-eabi/lib/thumb/v7e-m\libc_nano.a(lib_a-exit.o)
 .text.exit     0x0000000000000000       0x28 c:/st/stm32cubeide_1.2.0/stm32cubeide/plugins/com.st.stm32cube.ide.mcu.externaltools.gnu-tools-for-stm32.7-2018-q2-update.win32_1.0.0.201904181610/tools/bin/../lib/gcc/arm-none-eabi/7.3.1/../../../../arm-none-eabi/lib/thumb/v7e-m\libc_nano.a(lib_a-exit.o)
 .debug_frame   0x0000000000000000       0x28 c:/st/stm32cubeide_1.2.0/stm32cubeide/plugins/com.st.stm32cube.ide.mcu.externaltools.gnu-tools-for-stm32.7-2018-q2-update.win32_1.0.0.201904181610/tools/bin/../lib/gcc/arm-none-eabi/7.3.1/../../../../arm-none-eabi/lib/thumb/v7e-m\libc_nano.a(lib_a-exit.o)
 .ARM.attributes
                0x0000000000000000       0x2e c:/st/stm32cubeide_1.2.0/stm32cubeide/plugins/com.st.stm32cube.ide.mcu.externaltools.gnu-tools-for-stm32.7-2018-q2-update.win32_1.0.0.201904181610/tools/bin/../lib/gcc/arm-none-eabi/7.3.1/../../../../arm-none-eabi/lib/thumb/v7e-m\libc_nano.a(lib_a-exit.o)
 .text          0x0000000000000000        0x0 c:/st/stm32cubeide_1.2.0/stm32cubeide/plugins/com.st.stm32cube.ide.mcu.externaltools.gnu-tools-for-stm32.7-2018-q2-update.win32_1.0.0.201904181610/tools/bin/../lib/gcc/arm-none-eabi/7.3.1/../../../../arm-none-eabi/lib/thumb/v7e-m\libc_nano.a(lib_a-impure.o)
 .data          0x0000000000000000        0x0 c:/st/stm32cubeide_1.2.0/stm32cubeide/plugins/com.st.stm32cube.ide.mcu.externaltools.gnu-tools-for-stm32.7-2018-q2-update.win32_1.0.0.201904181610/tools/bin/../lib/gcc/arm-none-eabi/7.3.1/../../../../arm-none-eabi/lib/thumb/v7e-m\libc_nano.a(lib_a-impure.o)
 .bss           0x0000000000000000        0x0 c:/st/stm32cubeide_1.2.0/stm32cubeide/plugins/com.st.stm32cube.ide.mcu.externaltools.gnu-tools-for-stm32.7-2018-q2-update.win32_1.0.0.201904181610/tools/bin/../lib/gcc/arm-none-eabi/7.3.1/../../../../arm-none-eabi/lib/thumb/v7e-m\libc_nano.a(lib_a-impure.o)
 .data._impure_ptr
                0x0000000000000000        0x4 c:/st/stm32cubeide_1.2.0/stm32cubeide/plugins/com.st.stm32cube.ide.mcu.externaltools.gnu-tools-for-stm32.7-2018-q2-update.win32_1.0.0.201904181610/tools/bin/../lib/gcc/arm-none-eabi/7.3.1/../../../../arm-none-eabi/lib/thumb/v7e-m\libc_nano.a(lib_a-impure.o)
 .data.impure_data
                0x0000000000000000       0x60 c:/st/stm32cubeide_1.2.0/stm32cubeide/plugins/com.st.stm32cube.ide.mcu.externaltools.gnu-tools-for-stm32.7-2018-q2-update.win32_1.0.0.201904181610/tools/bin/../lib/gcc/arm-none-eabi/7.3.1/../../../../arm-none-eabi/lib/thumb/v7e-m\libc_nano.a(lib_a-impure.o)
 .rodata._global_impure_ptr
                0x0000000000000000        0x4 c:/st/stm32cubeide_1.2.0/stm32cubeide/plugins/com.st.stm32cube.ide.mcu.externaltools.gnu-tools-for-stm32.7-2018-q2-update.win32_1.0.0.201904181610/tools/bin/../lib/gcc/arm-none-eabi/7.3.1/../../../../arm-none-eabi/lib/thumb/v7e-m\libc_nano.a(lib_a-impure.o)
 .ARM.attributes
                0x0000000000000000       0x2e c:/st/stm32cubeide_1.2.0/stm32cubeide/plugins/com.st.stm32cube.ide.mcu.externaltools.gnu-tools-for-stm32.7-2018-q2-update.win32_1.0.0.201904181610/tools/bin/../lib/gcc/arm-none-eabi/7.3.1/../../../../arm-none-eabi/lib/thumb/v7e-m\libc_nano.a(lib_a-impure.o)
 .text          0x0000000000000000        0x0 c:/st/stm32cubeide_1.2.0/stm32cubeide/plugins/com.st.stm32cube.ide.mcu.externaltools.gnu-tools-for-stm32.7-2018-q2-update.win32_1.0.0.201904181610/tools/bin/../lib/gcc/arm-none-eabi/7.3.1/../../../../arm-none-eabi/lib/thumb/v7e-m\libc_nano.a(lib_a-init.o)
 .data          0x0000000000000000        0x0 c:/st/stm32cubeide_1.2.0/stm32cubeide/plugins/com.st.stm32cube.ide.mcu.externaltools.gnu-tools-for-stm32.7-2018-q2-update.win32_1.0.0.201904181610/tools/bin/../lib/gcc/arm-none-eabi/7.3.1/../../../../arm-none-eabi/lib/thumb/v7e-m\libc_nano.a(lib_a-init.o)
 .bss           0x0000000000000000        0x0 c:/st/stm32cubeide_1.2.0/stm32cubeide/plugins/com.st.stm32cube.ide.mcu.externaltools.gnu-tools-for-stm32.7-2018-q2-update.win32_1.0.0.201904181610/tools/bin/../lib/gcc/arm-none-eabi/7.3.1/../../../../arm-none-eabi/lib/thumb/v7e-m\libc_nano.a(lib_a-init.o)
 .text          0x0000000000000000        0x0 c:/st/stm32cubeide_1.2.0/stm32cubeide/plugins/com.st.stm32cube.ide.mcu.externaltools.gnu-tools-for-stm32.7-2018-q2-update.win32_1.0.0.201904181610/tools/bin/../lib/gcc/arm-none-eabi/7.3.1/../../../../arm-none-eabi/lib/thumb/v7e-m\libc_nano.a(lib_a-memset.o)
 .data          0x0000000000000000        0x0 c:/st/stm32cubeide_1.2.0/stm32cubeide/plugins/com.st.stm32cube.ide.mcu.externaltools.gnu-tools-for-stm32.7-2018-q2-update.win32_1.0.0.201904181610/tools/bin/../lib/gcc/arm-none-eabi/7.3.1/../../../../arm-none-eabi/lib/thumb/v7e-m\libc_nano.a(lib_a-memset.o)
 .bss           0x0000000000000000        0x0 c:/st/stm32cubeide_1.2.0/stm32cubeide/plugins/com.st.stm32cube.ide.mcu.externaltools.gnu-tools-for-stm32.7-2018-q2-update.win32_1.0.0.201904181610/tools/bin/../lib/gcc/arm-none-eabi/7.3.1/../../../../arm-none-eabi/lib/thumb/v7e-m\libc_nano.a(lib_a-memset.o)
 .text.memset   0x0000000000000000       0x10 c:/st/stm32cubeide_1.2.0/stm32cubeide/plugins/com.st.stm32cube.ide.mcu.externaltools.gnu-tools-for-stm32.7-2018-q2-update.win32_1.0.0.201904181610/tools/bin/../lib/gcc/arm-none-eabi/7.3.1/../../../../arm-none-eabi/lib/thumb/v7e-m\libc_nano.a(lib_a-memset.o)
 .debug_frame   0x0000000000000000       0x20 c:/st/stm32cubeide_1.2.0/stm32cubeide/plugins/com.st.stm32cube.ide.mcu.externaltools.gnu-tools-for-stm32.7-2018-q2-update.win32_1.0.0.201904181610/tools/bin/../lib/gcc/arm-none-eabi/7.3.1/../../../../arm-none-eabi/lib/thumb/v7e-m\libc_nano.a(lib_a-memset.o)
 .ARM.attributes
                0x0000000000000000       0x2e c:/st/stm32cubeide_1.2.0/stm32cubeide/plugins/com.st.stm32cube.ide.mcu.externaltools.gnu-tools-for-stm32.7-2018-q2-update.win32_1.0.0.201904181610/tools/bin/../lib/gcc/arm-none-eabi/7.3.1/../../../../arm-none-eabi/lib/thumb/v7e-m\libc_nano.a(lib_a-memset.o)
 .data          0x0000000000000000        0x0 c:/st/stm32cubeide_1.2.0/stm32cubeide/plugins/com.st.stm32cube.ide.mcu.externaltools.gnu-tools-for-stm32.7-2018-q2-update.win32_1.0.0.201904181610/tools/bin/../lib/gcc/arm-none-eabi/7.3.1/../../../../arm-none-eabi/lib/thumb/v7e-m\libc_nano.a(lib_a-strlen.o)
 .bss           0x0000000000000000        0x0 c:/st/stm32cubeide_1.2.0/stm32cubeide/plugins/com.st.stm32cube.ide.mcu.externaltools.gnu-tools-for-stm32.7-2018-q2-update.win32_1.0.0.201904181610/tools/bin/../lib/gcc/arm-none-eabi/7.3.1/../../../../arm-none-eabi/lib/thumb/v7e-m\libc_nano.a(lib_a-strlen.o)
 .text          0x0000000000000000        0x0 c:/st/stm32cubeide_1.2.0/stm32cubeide/plugins/com.st.stm32cube.ide.mcu.externaltools.gnu-tools-for-stm32.7-2018-q2-update.win32_1.0.0.201904181610/tools/bin/../lib/gcc/arm-none-eabi/7.3.1/thumb/v7e-m/crtend.o
 .data          0x0000000000000000        0x0 c:/st/stm32cubeide_1.2.0/stm32cubeide/plugins/com.st.stm32cube.ide.mcu.externaltools.gnu-tools-for-stm32.7-2018-q2-update.win32_1.0.0.201904181610/tools/bin/../lib/gcc/arm-none-eabi/7.3.1/thumb/v7e-m/crtend.o
 .bss           0x0000000000000000        0x0 c:/st/stm32cubeide_1.2.0/stm32cubeide/plugins/com.st.stm32cube.ide.mcu.externaltools.gnu-tools-for-stm32.7-2018-q2-update.win32_1.0.0.201904181610/tools/bin/../lib/gcc/arm-none-eabi/7.3.1/thumb/v7e-m/crtend.o
 .eh_frame      0x0000000000000000        0x4 c:/st/stm32cubeide_1.2.0/stm32cubeide/plugins/com.st.stm32cube.ide.mcu.externaltools.gnu-tools-for-stm32.7-2018-q2-update.win32_1.0.0.201904181610/tools/bin/../lib/gcc/arm-none-eabi/7.3.1/thumb/v7e-m/crtend.o
 .ARM.attributes
                0x0000000000000000       0x2e c:/st/stm32cubeide_1.2.0/stm32cubeide/plugins/com.st.stm32cube.ide.mcu.externaltools.gnu-tools-for-stm32.7-2018-q2-update.win32_1.0.0.201904181610/tools/bin/../lib/gcc/arm-none-eabi/7.3.1/thumb/v7e-m/crtend.o
 .text          0x0000000000000000        0x0 c:/st/stm32cubeide_1.2.0/stm32cubeide/plugins/com.st.stm32cube.ide.mcu.externaltools.gnu-tools-for-stm32.7-2018-q2-update.win32_1.0.0.201904181610/tools/bin/../lib/gcc/arm-none-eabi/7.3.1/thumb/v7e-m/crtn.o
 .data          0x0000000000000000        0x0 c:/st/stm32cubeide_1.2.0/stm32cubeide/plugins/com.st.stm32cube.ide.mcu.externaltools.gnu-tools-for-stm32.7-2018-q2-update.win32_1.0.0.201904181610/tools/bin/../lib/gcc/arm-none-eabi/7.3.1/thumb/v7e-m/crtn.o
 .bss           0x0000000000000000        0x0 c:/st/stm32cubeide_1.2.0/stm32cubeide/plugins/com.st.stm32cube.ide.mcu.externaltools.gnu-tools-for-stm32.7-2018-q2-update.win32_1.0.0.201904181610/tools/bin/../lib/gcc/arm-none-eabi/7.3.1/thumb/v7e-m/crtn.o

Memory Configuration

Name             Origin             Length             Attributes
RAM              0x0000000020000000 0x0000000000030000 xrw
ROM              0x0000000008000000 0x0000000000200000 xr
*default*        0x0000000000000000 0xffffffffffffffff

Linker script and memory map

LOAD c:/st/stm32cubeide_1.2.0/stm32cubeide/plugins/com.st.stm32cube.ide.mcu.externaltools.gnu-tools-for-stm32.7-2018-q2-update.win32_1.0.0.201904181610/tools/bin/../lib/gcc/arm-none-eabi/7.3.1/thumb/v7e-m/crti.o
LOAD c:/st/stm32cubeide_1.2.0/stm32cubeide/plugins/com.st.stm32cube.ide.mcu.externaltools.gnu-tools-for-stm32.7-2018-q2-update.win32_1.0.0.201904181610/tools/bin/../lib/gcc/arm-none-eabi/7.3.1/thumb/v7e-m/crtbegin.o
LOAD c:/st/stm32cubeide_1.2.0/stm32cubeide/plugins/com.st.stm32cube.ide.mcu.externaltools.gnu-tools-for-stm32.7-2018-q2-update.win32_1.0.0.201904181610/tools/bin/../lib/gcc/arm-none-eabi/7.3.1/../../../../arm-none-eabi/lib/thumb/v7e-m/crt0.o
LOAD Drivers/Src/CANx_Drivers.o
LOAD Drivers/Src/GPIOx_Drivers.o
LOAD Drivers/Src/I2Cx_Drivers.o
LOAD Drivers/Src/RCC_Drivers.o
LOAD Drivers/Src/SPIx_Drivers.o
LOAD Src/SPI_TxOnly_Arduino.o
LOAD Src/syscalls.o
LOAD Src/sysmem.o
LOAD Startup/startup_stm32f429zitx.o
START GROUP
LOAD c:/st/stm32cubeide_1.2.0/stm32cubeide/plugins/com.st.stm32cube.ide.mcu.externaltools.gnu-tools-for-stm32.7-2018-q2-update.win32_1.0.0.201904181610/tools/bin/../lib/gcc/arm-none-eabi/7.3.1/../../../../arm-none-eabi/lib/thumb/v7e-m\libc_nano.a
LOAD c:/st/stm32cubeide_1.2.0/stm32cubeide/plugins/com.st.stm32cube.ide.mcu.externaltools.gnu-tools-for-stm32.7-2018-q2-update.win32_1.0.0.201904181610/tools/bin/../lib/gcc/arm-none-eabi/7.3.1/../../../../arm-none-eabi/lib/thumb/v7e-m\libm.a
END GROUP
START GROUP
LOAD c:/st/stm32cubeide_1.2.0/stm32cubeide/plugins/com.st.stm32cube.ide.mcu.externaltools.gnu-tools-for-stm32.7-2018-q2-update.win32_1.0.0.201904181610/tools/bin/../lib/gcc/arm-none-eabi/7.3.1/thumb/v7e-m\libgcc.a
LOAD c:/st/stm32cubeide_1.2.0/stm32cubeide/plugins/com.st.stm32cube.ide.mcu.externaltools.gnu-tools-for-stm32.7-2018-q2-update.win32_1.0.0.201904181610/tools/bin/../lib/gcc/arm-none-eabi/7.3.1/../../../../arm-none-eabi/lib/thumb/v7e-m\libc_nano.a
END GROUP
START GROUP
LOAD c:/st/stm32cubeide_1.2.0/stm32cubeide/plugins/com.st.stm32cube.ide.mcu.externaltools.gnu-tools-for-stm32.7-2018-q2-update.win32_1.0.0.201904181610/tools/bin/../lib/gcc/arm-none-eabi/7.3.1/thumb/v7e-m\libgcc.a
LOAD c:/st/stm32cubeide_1.2.0/stm32cubeide/plugins/com.st.stm32cube.ide.mcu.externaltools.gnu-tools-for-stm32.7-2018-q2-update.win32_1.0.0.201904181610/tools/bin/../lib/gcc/arm-none-eabi/7.3.1/../../../../arm-none-eabi/lib/thumb/v7e-m\libc_nano.a
LOAD c:/st/stm32cubeide_1.2.0/stm32cubeide/plugins/com.st.stm32cube.ide.mcu.externaltools.gnu-tools-for-stm32.7-2018-q2-update.win32_1.0.0.201904181610/tools/bin/../lib/gcc/arm-none-eabi/7.3.1/../../../../arm-none-eabi/lib/thumb/v7e-m\libnosys.a
END GROUP
START GROUP
LOAD c:/st/stm32cubeide_1.2.0/stm32cubeide/plugins/com.st.stm32cube.ide.mcu.externaltools.gnu-tools-for-stm32.7-2018-q2-update.win32_1.0.0.201904181610/tools/bin/../lib/gcc/arm-none-eabi/7.3.1/thumb/v7e-m\libgcc.a
LOAD c:/st/stm32cubeide_1.2.0/stm32cubeide/plugins/com.st.stm32cube.ide.mcu.externaltools.gnu-tools-for-stm32.7-2018-q2-update.win32_1.0.0.201904181610/tools/bin/../lib/gcc/arm-none-eabi/7.3.1/../../../../arm-none-eabi/lib/thumb/v7e-m\libc_nano.a
LOAD c:/st/stm32cubeide_1.2.0/stm32cubeide/plugins/com.st.stm32cube.ide.mcu.externaltools.gnu-tools-for-stm32.7-2018-q2-update.win32_1.0.0.201904181610/tools/bin/../lib/gcc/arm-none-eabi/7.3.1/../../../../arm-none-eabi/lib/thumb/v7e-m\libnosys.a
END GROUP
LOAD c:/st/stm32cubeide_1.2.0/stm32cubeide/plugins/com.st.stm32cube.ide.mcu.externaltools.gnu-tools-for-stm32.7-2018-q2-update.win32_1.0.0.201904181610/tools/bin/../lib/gcc/arm-none-eabi/7.3.1/thumb/v7e-m/crtend.o
LOAD c:/st/stm32cubeide_1.2.0/stm32cubeide/plugins/com.st.stm32cube.ide.mcu.externaltools.gnu-tools-for-stm32.7-2018-q2-update.win32_1.0.0.201904181610/tools/bin/../lib/gcc/arm-none-eabi/7.3.1/thumb/v7e-m/crtn.o
                0x0000000020030000                _estack = (ORIGIN (RAM) + LENGTH (RAM))
                0x0000000000000200                _Min_Heap_Size = 0x200
                0x0000000000000400                _Min_Stack_Size = 0x400

.isr_vector     0x0000000008000000      0x1ac
                0x0000000008000000                . = ALIGN (0x4)
 *(.isr_vector)
 .isr_vector    0x0000000008000000      0x1ac Startup/startup_stm32f429zitx.o
                0x0000000008000000                g_pfnVectors
                0x00000000080001ac                . = ALIGN (0x4)

.text           0x00000000080001ac      0xa54
                0x00000000080001ac                . = ALIGN (0x4)
 *(.text)
 .text          0x00000000080001ac       0x40 c:/st/stm32cubeide_1.2.0/stm32cubeide/plugins/com.st.stm32cube.ide.mcu.externaltools.gnu-tools-for-stm32.7-2018-q2-update.win32_1.0.0.201904181610/tools/bin/../lib/gcc/arm-none-eabi/7.3.1/thumb/v7e-m/crtbegin.o
 .text          0x00000000080001ec       0x10 c:/st/stm32cubeide_1.2.0/stm32cubeide/plugins/com.st.stm32cube.ide.mcu.externaltools.gnu-tools-for-stm32.7-2018-q2-update.win32_1.0.0.201904181610/tools/bin/../lib/gcc/arm-none-eabi/7.3.1/../../../../arm-none-eabi/lib/thumb/v7e-m\libc_nano.a(lib_a-strlen.o)
                0x00000000080001ec                strlen
 *(.text*)
 .text.GPIO_PCLK_Control
                0x00000000080001fc      0x1d4 Drivers/Src/GPIOx_Drivers.o
                0x00000000080001fc                GPIO_PCLK_Control
 .text.GPIO_Init
                0x00000000080003d0      0x338 Drivers/Src/GPIOx_Drivers.o
                0x00000000080003d0                GPIO_Init
 .text.GPIO_ReadFromInputPin
                0x0000000008000708       0x2a Drivers/Src/GPIOx_Drivers.o
                0x0000000008000708                GPIO_ReadFromInputPin
 .text.GPIO_ToggleOutputPin
                0x0000000008000732       0x28 Drivers/Src/GPIOx_Drivers.o
                0x0000000008000732                GPIO_ToggleOutputPin
 *fill*         0x000000000800075a        0x2 
 .text.SPI_PeriClockControl
                0x000000000800075c       0x6c Drivers/Src/SPIx_Drivers.o
                0x000000000800075c                SPI_PeriClockControl
 .text.SPI_Init
                0x00000000080007c8       0xb6 Drivers/Src/SPIx_Drivers.o
                0x00000000080007c8                SPI_Init
 .text.SPI_GetFlagStatus
                0x000000000800087e       0x26 Drivers/Src/SPIx_Drivers.o
                0x000000000800087e                SPI_GetFlagStatus
 .text.SPI_SendData
                0x00000000080008a4       0x6c Drivers/Src/SPIx_Drivers.o
                0x00000000080008a4                SPI_SendData
 .text.SPI_PeripheralControl
                0x0000000008000910       0x36 Drivers/Src/SPIx_Drivers.o
                0x0000000008000910                SPI_PeripheralControl
 .text.SPI_SSOEConfig
                0x0000000008000946       0x36 Drivers/Src/SPIx_Drivers.o
                0x0000000008000946                SPI_SSOEConfig
 .text.delay    0x000000000800097c       0x28 Src/SPI_TxOnly_Arduino.o
                0x000000000800097c                delay
 .text.SPI2_GPIOInits
                0x00000000080009a4       0x50 Src/SPI_TxOnly_Arduino.o
                0x00000000080009a4                SPI2_GPIOInits
 .text.SPI2_Inits
                0x00000000080009f4       0x3c Src/SPI_TxOnly_Arduino.o
                0x00000000080009f4                SPI2_Inits
 .text.GPIO_ButtonInit
                0x0000000008000a30       0x30 Src/SPI_TxOnly_Arduino.o
                0x0000000008000a30                GPIO_ButtonInit
 .text.LED_Init
                0x0000000008000a60       0x3c Src/SPI_TxOnly_Arduino.o
                0x0000000008000a60                LED_Init
 .text.main     0x0000000008000a9c       0xb0 Src/SPI_TxOnly_Arduino.o
                0x0000000008000a9c                main
 .text.Reset_Handler
                0x0000000008000b4c       0x50 Startup/startup_stm32f429zitx.o
                0x0000000008000b4c                Reset_Handler
 .text.Default_Handler
                0x0000000008000b9c        0x2 Startup/startup_stm32f429zitx.o
                0x0000000008000b9c                RTC_Alarm_IRQHandler
                0x0000000008000b9c                HASH_RNG_IRQHandler
                0x0000000008000b9c                EXTI2_IRQHandler
                0x0000000008000b9c                TIM8_CC_IRQHandler
                0x0000000008000b9c                DebugMon_Handler
                0x0000000008000b9c                UART8_IRQHandler
                0x0000000008000b9c                SPI4_IRQHandler
                0x0000000008000b9c                TIM1_CC_IRQHandler
                0x0000000008000b9c                DMA2_Stream5_IRQHandler
                0x0000000008000b9c                HardFault_Handler
                0x0000000008000b9c                DMA1_Stream5_IRQHandler
                0x0000000008000b9c                SysTick_Handler
                0x0000000008000b9c                PVD_IRQHandler
                0x0000000008000b9c                SDIO_IRQHandler
                0x0000000008000b9c                TAMP_STAMP_IRQHandler
                0x0000000008000b9c                PendSV_Handler
                0x0000000008000b9c                NMI_Handler
                0x0000000008000b9c                CAN2_RX1_IRQHandler
                0x0000000008000b9c                EXTI3_IRQHandler
                0x0000000008000b9c                TIM8_TRG_COM_TIM14_IRQHandler
                0x0000000008000b9c                TIM1_UP_TIM10_IRQHandler
                0x0000000008000b9c                TIM8_UP_TIM13_IRQHandler
                0x0000000008000b9c                I2C3_ER_IRQHandler
                0x0000000008000b9c                LCD_TFT_IRQHandler
                0x0000000008000b9c                EXTI0_IRQHandler
                0x0000000008000b9c                I2C2_EV_IRQHandler
                0x0000000008000b9c                DMA1_Stream2_IRQHandler
                0x0000000008000b9c                CAN1_RX0_IRQHandler
                0x0000000008000b9c                FPU_IRQHandler
                0x0000000008000b9c                OTG_HS_WKUP_IRQHandler
                0x0000000008000b9c                UsageFault_Handler
                0x0000000008000b9c                CAN2_SCE_IRQHandler
                0x0000000008000b9c                DMA2_Stream2_IRQHandler
                0x0000000008000b9c                SPI1_IRQHandler
                0x0000000008000b9c                TIM6_DAC_IRQHandler
                0x0000000008000b9c                TIM1_BRK_TIM9_IRQHandler
                0x0000000008000b9c                DCMI_IRQHandler
                0x0000000008000b9c                CAN2_RX0_IRQHandler
                0x0000000008000b9c                DMA2_Stream3_IRQHandler
                0x0000000008000b9c                USART6_IRQHandler
                0x0000000008000b9c                USART3_IRQHandler
                0x0000000008000b9c                CRYP_IRQHandler
                0x0000000008000b9c                CAN1_RX1_IRQHandler
                0x0000000008000b9c                UART5_IRQHandler
                0x0000000008000b9c                DMA2_Stream0_IRQHandler
                0x0000000008000b9c                TIM4_IRQHandler
                0x0000000008000b9c                I2C1_EV_IRQHandler
                0x0000000008000b9c                DMA1_Stream6_IRQHandler
                0x0000000008000b9c                DMA1_Stream1_IRQHandler
                0x0000000008000b9c                UART4_IRQHandler
                0x0000000008000b9c                LCD_TFT_1_IRQHandler
                0x0000000008000b9c                TIM3_IRQHandler
                0x0000000008000b9c                RCC_IRQHandler
                0x0000000008000b9c                TIM8_BRK_TIM12_IRQHandler
                0x0000000008000b9c                Default_Handler
                0x0000000008000b9c                EXTI15_10_IRQHandler
                0x0000000008000b9c                ADC_IRQHandler
                0x0000000008000b9c                DMA1_Stream7_IRQHandler
                0x0000000008000b9c                SPI5_IRQHandler
                0x0000000008000b9c                TIM7_IRQHandler
                0x0000000008000b9c                CAN2_TX_IRQHandler
                0x0000000008000b9c                TIM5_IRQHandler
                0x0000000008000b9c                DMA2_Stream7_IRQHandler
                0x0000000008000b9c                I2C3_EV_IRQHandler
                0x0000000008000b9c                EXTI9_5_IRQHandler
                0x0000000008000b9c                RTC_WKUP_IRQHandler
                0x0000000008000b9c                ETH_WKUP_IRQHandler
                0x0000000008000b9c                SPI2_IRQHandler
                0x0000000008000b9c                OTG_HS_EP1_IN_IRQHandler
                0x0000000008000b9c                MemManage_Handler
                0x0000000008000b9c                DMA1_Stream0_IRQHandler
                0x0000000008000b9c                CAN1_TX_IRQHandler
                0x0000000008000b9c                SVC_Handler
                0x0000000008000b9c                EXTI4_IRQHandler
                0x0000000008000b9c                ETH_IRQHandler
                0x0000000008000b9c                OTG_HS_EP1_OUT_IRQHandler
                0x0000000008000b9c                WWDG_IRQHandler
                0x0000000008000b9c                SPI6_IRQHandler
                0x0000000008000b9c                TIM2_IRQHandler
                0x0000000008000b9c                OTG_FS_WKUP_IRQHandler
                0x0000000008000b9c                TIM1_TRG_COM_TIM11_IRQHandler
                0x0000000008000b9c                OTG_HS_IRQHandler
                0x0000000008000b9c                DMA2D_IRQHandler
                0x0000000008000b9c                EXTI1_IRQHandler
                0x0000000008000b9c                UART7_IRQHandler
                0x0000000008000b9c                USART2_IRQHandler
                0x0000000008000b9c                I2C2_ER_IRQHandler
                0x0000000008000b9c                DMA2_Stream1_IRQHandler
                0x0000000008000b9c                CAN1_SCE_IRQHandler
                0x0000000008000b9c                FLASH_IRQHandler
                0x0000000008000b9c                DMA2_Stream4_IRQHandler
                0x0000000008000b9c                BusFault_Handler
                0x0000000008000b9c                USART1_IRQHandler
                0x0000000008000b9c                OTG_FS_IRQHandler
                0x0000000008000b9c                SPI3_IRQHandler
                0x0000000008000b9c                DMA1_Stream4_IRQHandler
                0x0000000008000b9c                I2C1_ER_IRQHandler
                0x0000000008000b9c                FMC_IRQHandler
                0x0000000008000b9c                DMA2_Stream6_IRQHandler
                0x0000000008000b9c                SAI1_IRQHandler
                0x0000000008000b9c                DMA1_Stream3_IRQHandler
 *fill*         0x0000000008000b9e        0x2 
 .text.__libc_init_array
                0x0000000008000ba0       0x48 c:/st/stm32cubeide_1.2.0/stm32cubeide/plugins/com.st.stm32cube.ide.mcu.externaltools.gnu-tools-for-stm32.7-2018-q2-update.win32_1.0.0.201904181610/tools/bin/../lib/gcc/arm-none-eabi/7.3.1/../../../../arm-none-eabi/lib/thumb/v7e-m\libc_nano.a(lib_a-init.o)
                0x0000000008000ba0                __libc_init_array
 *(.glue_7)
 .glue_7        0x0000000008000be8        0x0 linker stubs
 *(.glue_7t)
 .glue_7t       0x0000000008000be8        0x0 linker stubs
 *(.eh_frame)
 .eh_frame      0x0000000008000be8        0x0 c:/st/stm32cubeide_1.2.0/stm32cubeide/plugins/com.st.stm32cube.ide.mcu.externaltools.gnu-tools-for-stm32.7-2018-q2-update.win32_1.0.0.201904181610/tools/bin/../lib/gcc/arm-none-eabi/7.3.1/thumb/v7e-m/crtbegin.o
 *(.init)
 .init          0x0000000008000be8        0x4 c:/st/stm32cubeide_1.2.0/stm32cubeide/plugins/com.st.stm32cube.ide.mcu.externaltools.gnu-tools-for-stm32.7-2018-q2-update.win32_1.0.0.201904181610/tools/bin/../lib/gcc/arm-none-eabi/7.3.1/thumb/v7e-m/crti.o
                0x0000000008000be8                _init
 .init          0x0000000008000bec        0x8 c:/st/stm32cubeide_1.2.0/stm32cubeide/plugins/com.st.stm32cube.ide.mcu.externaltools.gnu-tools-for-stm32.7-2018-q2-update.win32_1.0.0.201904181610/tools/bin/../lib/gcc/arm-none-eabi/7.3.1/thumb/v7e-m/crtn.o
 *(.fini)
 .fini          0x0000000008000bf4        0x4 c:/st/stm32cubeide_1.2.0/stm32cubeide/plugins/com.st.stm32cube.ide.mcu.externaltools.gnu-tools-for-stm32.7-2018-q2-update.win32_1.0.0.201904181610/tools/bin/../lib/gcc/arm-none-eabi/7.3.1/thumb/v7e-m/crti.o
                0x0000000008000bf4                _fini
 .fini          0x0000000008000bf8        0x8 c:/st/stm32cubeide_1.2.0/stm32cubeide/plugins/com.st.stm32cube.ide.mcu.externaltools.gnu-tools-for-stm32.7-2018-q2-update.win32_1.0.0.201904181610/tools/bin/../lib/gcc/arm-none-eabi/7.3.1/thumb/v7e-m/crtn.o
                0x0000000008000c00                . = ALIGN (0x4)
                0x0000000008000c00                _etext = .

.vfp11_veneer   0x0000000008000c00        0x0
 .vfp11_veneer  0x0000000008000c00        0x0 linker stubs

.v4_bx          0x0000000008000c00        0x0
 .v4_bx         0x0000000008000c00        0x0 linker stubs

.iplt           0x0000000008000c00        0x0
 .iplt          0x0000000008000c00        0x0 c:/st/stm32cubeide_1.2.0/stm32cubeide/plugins/com.st.stm32cube.ide.mcu.externaltools.gnu-tools-for-stm32.7-2018-q2-update.win32_1.0.0.201904181610/tools/bin/../lib/gcc/arm-none-eabi/7.3.1/thumb/v7e-m/crtbegin.o

.rodata         0x0000000008000c00        0x8
                0x0000000008000c00                . = ALIGN (0x4)
 *(.rodata)
 .rodata        0x0000000008000c00        0x6 Src/SPI_TxOnly_Arduino.o
 *(.rodata*)
                0x0000000008000c08                . = ALIGN (0x4)
 *fill*         0x0000000008000c06        0x2 

.rel.dyn        0x0000000008000c08        0x0
 .rel.iplt      0x0000000008000c08        0x0 c:/st/stm32cubeide_1.2.0/stm32cubeide/plugins/com.st.stm32cube.ide.mcu.externaltools.gnu-tools-for-stm32.7-2018-q2-update.win32_1.0.0.201904181610/tools/bin/../lib/gcc/arm-none-eabi/7.3.1/thumb/v7e-m/crtbegin.o

.ARM.extab      0x0000000008000c08        0x0
                0x0000000008000c08                . = ALIGN (0x4)
 *(.ARM.extab* .gnu.linkonce.armextab.*)
                0x0000000008000c08                . = ALIGN (0x4)

.ARM            0x0000000008000c08        0x0
                0x0000000008000c08                . = ALIGN (0x4)
                0x0000000008000c08                __exidx_start = .
 *(.ARM.exidx*)
                0x0000000008000c08                __exidx_end = .
                0x0000000008000c08                . = ALIGN (0x4)

.preinit_array  0x0000000008000c08        0x0
                0x0000000008000c08                . = ALIGN (0x4)
                0x0000000008000c08                PROVIDE (__preinit_array_start = .)
 *(.preinit_array*)
                0x0000000008000c08                PROVIDE (__preinit_array_end = .)
                0x0000000008000c08                . = ALIGN (0x4)

.init_array     0x0000000008000c08        0x4
                0x0000000008000c08                . = ALIGN (0x4)
                0x0000000008000c08                PROVIDE (__init_array_start = .)
 *(SORT_BY_NAME(.init_array.*))
 *(.init_array*)
 .init_array    0x0000000008000c08        0x4 c:/st/stm32cubeide_1.2.0/stm32cubeide/plugins/com.st.stm32cube.ide.mcu.externaltools.gnu-tools-for-stm32.7-2018-q2-update.win32_1.0.0.201904181610/tools/bin/../lib/gcc/arm-none-eabi/7.3.1/thumb/v7e-m/crtbegin.o
                0x0000000008000c0c                PROVIDE (__init_array_end = .)
                0x0000000008000c0c                . = ALIGN (0x4)

.fini_array     0x0000000008000c0c        0x4
                0x0000000008000c0c                . = ALIGN (0x4)
                [!provide]                        PROVIDE (__fini_array_start = .)
 *(SORT_BY_NAME(.fini_array.*))
 *(.fini_array*)
 .fini_array    0x0000000008000c0c        0x4 c:/st/stm32cubeide_1.2.0/stm32cubeide/plugins/com.st.stm32cube.ide.mcu.externaltools.gnu-tools-for-stm32.7-2018-q2-update.win32_1.0.0.201904181610/tools/bin/../lib/gcc/arm-none-eabi/7.3.1/thumb/v7e-m/crtbegin.o
                [!provide]                        PROVIDE (__fini_array_end = .)
                0x0000000008000c10                . = ALIGN (0x4)
                0x0000000008000c10                _sidata = LOADADDR (.data)

.data           0x0000000020000000        0x0 load address 0x0000000008000c10
                0x0000000020000000                . = ALIGN (0x4)
                0x0000000020000000                _sdata = .
 *(.data)
 *(.data*)
                0x0000000020000000                . = ALIGN (0x4)
                0x0000000020000000                _edata = .

.igot.plt       0x0000000020000000        0x0 load address 0x0000000008000c10
 .igot.plt      0x0000000020000000        0x0 c:/st/stm32cubeide_1.2.0/stm32cubeide/plugins/com.st.stm32cube.ide.mcu.externaltools.gnu-tools-for-stm32.7-2018-q2-update.win32_1.0.0.201904181610/tools/bin/../lib/gcc/arm-none-eabi/7.3.1/thumb/v7e-m/crtbegin.o
                0x0000000020000000                . = ALIGN (0x4)

.bss            0x0000000020000000       0x1c load address 0x0000000008000c10
                0x0000000020000000                _sbss = .
                0x0000000020000000                __bss_start__ = _sbss
 *(.bss)
 .bss           0x0000000020000000       0x1c c:/st/stm32cubeide_1.2.0/stm32cubeide/plugins/com.st.stm32cube.ide.mcu.externaltools.gnu-tools-for-stm32.7-2018-q2-update.win32_1.0.0.201904181610/tools/bin/../lib/gcc/arm-none-eabi/7.3.1/thumb/v7e-m/crtbegin.o
 *(.bss*)
 *(COMMON)
                0x000000002000001c                . = ALIGN (0x4)
                0x000000002000001c                _ebss = .
                0x000000002000001c                __bss_end__ = _ebss

._user_heap_stack
                0x000000002000001c      0x604 load address 0x0000000008000c10
                0x0000000020000020                . = ALIGN (0x8)
 *fill*         0x000000002000001c        0x4 
                0x0000000020000020                PROVIDE (end = .)
                [!provide]                        PROVIDE (_end = .)
                0x0000000020000220                . = (. + _Min_Heap_Size)
 *fill*         0x0000000020000020      0x200 
                0x0000000020000620                . = (. + _Min_Stack_Size)
 *fill*         0x0000000020000220      0x400 
                0x0000000020000620                . = ALIGN (0x8)

/DISCARD/
 libc.a(*)
 libm.a(*)
 libgcc.a(*)

.ARM.attributes
                0x0000000000000000       0x2a
 *(.ARM.attributes)
 .ARM.attributes
                0x0000000000000000       0x1e c:/st/stm32cubeide_1.2.0/stm32cubeide/plugins/com.st.stm32cube.ide.mcu.externaltools.gnu-tools-for-stm32.7-2018-q2-update.win32_1.0.0.201904181610/tools/bin/../lib/gcc/arm-none-eabi/7.3.1/thumb/v7e-m/crti.o
 .ARM.attributes
                0x000000000000001e       0x2e c:/st/stm32cubeide_1.2.0/stm32cubeide/plugins/com.st.stm32cube.ide.mcu.externaltools.gnu-tools-for-stm32.7-2018-q2-update.win32_1.0.0.201904181610/tools/bin/../lib/gcc/arm-none-eabi/7.3.1/thumb/v7e-m/crtbegin.o
 .ARM.attributes
                0x000000000000004c       0x33 Drivers/Src/GPIOx_Drivers.o
 .ARM.attributes
                0x000000000000007f       0x33 Drivers/Src/SPIx_Drivers.o
 .ARM.attributes
                0x00000000000000b2       0x33 Src/SPI_TxOnly_Arduino.o
 .ARM.attributes
                0x00000000000000e5       0x21 Startup/startup_stm32f429zitx.o
 .ARM.attributes
                0x0000000000000106       0x2e c:/st/stm32cubeide_1.2.0/stm32cubeide/plugins/com.st.stm32cube.ide.mcu.externaltools.gnu-tools-for-stm32.7-2018-q2-update.win32_1.0.0.201904181610/tools/bin/../lib/gcc/arm-none-eabi/7.3.1/../../../../arm-none-eabi/lib/thumb/v7e-m\libc_nano.a(lib_a-init.o)
 .ARM.attributes
                0x0000000000000134       0x17 c:/st/stm32cubeide_1.2.0/stm32cubeide/plugins/com.st.stm32cube.ide.mcu.externaltools.gnu-tools-for-stm32.7-2018-q2-update.win32_1.0.0.201904181610/tools/bin/../lib/gcc/arm-none-eabi/7.3.1/../../../../arm-none-eabi/lib/thumb/v7e-m\libc_nano.a(lib_a-strlen.o)
 .ARM.attributes
                0x000000000000014b       0x1e c:/st/stm32cubeide_1.2.0/stm32cubeide/plugins/com.st.stm32cube.ide.mcu.externaltools.gnu-tools-for-stm32.7-2018-q2-update.win32_1.0.0.201904181610/tools/bin/../lib/gcc/arm-none-eabi/7.3.1/thumb/v7e-m/crtn.o
OUTPUT(STM32F429xx_Drivers.elf elf32-littlearm)

.debug_info     0x0000000000000000     0x1bab
 .debug_info    0x0000000000000000      0x70d Drivers/Src/GPIOx_Drivers.o
 .debug_info    0x000000000000070d      0x826 Drivers/Src/SPIx_Drivers.o
 .debug_info    0x0000000000000f33      0xc56 Src/SPI_TxOnly_Arduino.o
 .debug_info    0x0000000000001b89       0x22 Startup/startup_stm32f429zitx.o

.debug_abbrev   0x0000000000000000      0x50e
 .debug_abbrev  0x0000000000000000      0x13f Drivers/Src/GPIOx_Drivers.o
 .debug_abbrev  0x000000000000013f      0x1e9 Drivers/Src/SPIx_Drivers.o
 .debug_abbrev  0x0000000000000328      0x1d4 Src/SPI_TxOnly_Arduino.o
 .debug_abbrev  0x00000000000004fc       0x12 Startup/startup_stm32f429zitx.o

.debug_aranges  0x0000000000000000      0x198
 .debug_aranges
                0x0000000000000000       0x70 Drivers/Src/GPIOx_Drivers.o
 .debug_aranges
                0x0000000000000070       0xb8 Drivers/Src/SPIx_Drivers.o
 .debug_aranges
                0x0000000000000128       0x48 Src/SPI_TxOnly_Arduino.o
 .debug_aranges
                0x0000000000000170       0x28 Startup/startup_stm32f429zitx.o

.debug_ranges   0x0000000000000000      0x160
 .debug_ranges  0x0000000000000000       0x60 Drivers/Src/GPIOx_Drivers.o
 .debug_ranges  0x0000000000000060       0xa8 Drivers/Src/SPIx_Drivers.o
 .debug_ranges  0x0000000000000108       0x38 Src/SPI_TxOnly_Arduino.o
 .debug_ranges  0x0000000000000140       0x20 Startup/startup_stm32f429zitx.o

.debug_macro    0x0000000000000000      0xf03
 .debug_macro   0x0000000000000000       0x8a Drivers/Src/GPIOx_Drivers.o
 .debug_macro   0x000000000000008a       0x22 Drivers/Src/GPIOx_Drivers.o
 .debug_macro   0x00000000000000ac       0x8e Drivers/Src/GPIOx_Drivers.o
 .debug_macro   0x000000000000013a       0x51 Drivers/Src/GPIOx_Drivers.o
 .debug_macro   0x000000000000018b       0xef Drivers/Src/GPIOx_Drivers.o
 .debug_macro   0x000000000000027a       0x6a Drivers/Src/GPIOx_Drivers.o
 .debug_macro   0x00000000000002e4      0x1df Drivers/Src/GPIOx_Drivers.o
 .debug_macro   0x00000000000004c3      0x174 Drivers/Src/GPIOx_Drivers.o
 .debug_macro   0x0000000000000637      0x60f Drivers/Src/GPIOx_Drivers.o
 .debug_macro   0x0000000000000c46       0xc4 Drivers/Src/GPIOx_Drivers.o
 .debug_macro   0x0000000000000d0a       0x8a Drivers/Src/SPIx_Drivers.o
 .debug_macro   0x0000000000000d94      0x16f Src/SPI_TxOnly_Arduino.o

.debug_line     0x0000000000000000     0x132b
 .debug_line    0x0000000000000000      0x628 Drivers/Src/GPIOx_Drivers.o
 .debug_line    0x0000000000000628      0x62b Drivers/Src/SPIx_Drivers.o
 .debug_line    0x0000000000000c53      0x654 Src/SPI_TxOnly_Arduino.o
 .debug_line    0x00000000000012a7       0x84 Startup/startup_stm32f429zitx.o

.debug_str      0x0000000000000000     0x9ac3
 .debug_str     0x0000000000000000     0x6214 Drivers/Src/GPIOx_Drivers.o
                                       0x6431 (size before relaxing)
 .debug_str     0x0000000000006214      0x553 Drivers/Src/SPIx_Drivers.o
                                       0x650b (size before relaxing)
 .debug_str     0x0000000000006767     0x332b Src/SPI_TxOnly_Arduino.o
                                       0x9883 (size before relaxing)
 .debug_str     0x0000000000009a92       0x31 Startup/startup_stm32f429zitx.o
                                         0x6b (size before relaxing)

.comment        0x0000000000000000       0x7b
 .comment       0x0000000000000000       0x7b Drivers/Src/GPIOx_Drivers.o
                                         0x7c (size before relaxing)
 .comment       0x000000000000007b       0x7c Drivers/Src/SPIx_Drivers.o
 .comment       0x000000000000007b       0x7c Src/SPI_TxOnly_Arduino.o

.debug_frame    0x0000000000000000      0x5f0
 .debug_frame   0x0000000000000000      0x1c8 Drivers/Src/GPIOx_Drivers.o
 .debug_frame   0x00000000000001c8      0x314 Drivers/Src/SPIx_Drivers.o
 .debug_frame   0x00000000000004dc       0xe8 Src/SPI_TxOnly_Arduino.o
 .debug_frame   0x00000000000005c4       0x2c c:/st/stm32cubeide_1.2.0/stm32cubeide/plugins/com.st.stm32cube.ide.mcu.externaltools.gnu-tools-for-stm32.7-2018-q2-update.win32_1.0.0.201904181610/tools/bin/../lib/gcc/arm-none-eabi/7.3.1/../../../../arm-none-eabi/lib/thumb/v7e-m\libc_nano.a(lib_a-init.o)
